INFO:     Will watch for changes in these directories: ['/Users/hari/Desktop/Desktop Files/Minor-1-Backend/Minor-Assistant-API']
INFO:     Uvicorn running on http://127.0.0.1:8000 (Press CTRL+C to quit)
INFO:     Started reloader process [12290] using StatReload
Process SpawnProcess-1:
Traceback (most recent call last):
  File "/Library/Frameworks/Python.framework/Versions/3.11/lib/python3.11/multiprocessing/process.py", line 314, in _bootstrap
    self.run()
  File "/Library/Frameworks/Python.framework/Versions/3.11/lib/python3.11/multiprocessing/process.py", line 108, in run
    self._target(*self._args, **self._kwargs)
  File "/Users/hari/Desktop/Desktop Files/Minor-1-Backend/Minor-Assistant-API/.venv/lib/python3.11/site-packages/uvicorn/_subprocess.py", line 76, in subprocess_started
    target(sockets=sockets)
  File "/Users/hari/Desktop/Desktop Files/Minor-1-Backend/Minor-Assistant-API/.venv/lib/python3.11/site-packages/uvicorn/server.py", line 61, in run
    return asyncio.run(self.serve(sockets=sockets))
           ^^^^^^^^^^^^^^^^^^^^^^^^^^^^^^^^^^^^^^^^
  File "/Library/Frameworks/Python.framework/Versions/3.11/lib/python3.11/asyncio/runners.py", line 190, in run
    return runner.run(main)
           ^^^^^^^^^^^^^^^^
  File "/Library/Frameworks/Python.framework/Versions/3.11/lib/python3.11/asyncio/runners.py", line 118, in run
    return self._loop.run_until_complete(task)
           ^^^^^^^^^^^^^^^^^^^^^^^^^^^^^^^^^^^
  File "/Library/Frameworks/Python.framework/Versions/3.11/lib/python3.11/asyncio/base_events.py", line 654, in run_until_complete
    return future.result()
           ^^^^^^^^^^^^^^^
  File "/Users/hari/Desktop/Desktop Files/Minor-1-Backend/Minor-Assistant-API/.venv/lib/python3.11/site-packages/uvicorn/server.py", line 68, in serve
    config.load()
  File "/Users/hari/Desktop/Desktop Files/Minor-1-Backend/Minor-Assistant-API/.venv/lib/python3.11/site-packages/uvicorn/config.py", line 467, in load
    self.loaded_app = import_from_string(self.app)
                      ^^^^^^^^^^^^^^^^^^^^^^^^^^^^
  File "/Users/hari/Desktop/Desktop Files/Minor-1-Backend/Minor-Assistant-API/.venv/lib/python3.11/site-packages/uvicorn/importer.py", line 21, in import_from_string
    module = importlib.import_module(module_str)
             ^^^^^^^^^^^^^^^^^^^^^^^^^^^^^^^^^^^
  File "/Library/Frameworks/Python.framework/Versions/3.11/lib/python3.11/importlib/__init__.py", line 126, in import_module
    return _bootstrap._gcd_import(name[level:], package, level)
           ^^^^^^^^^^^^^^^^^^^^^^^^^^^^^^^^^^^^^^^^^^^^^^^^^^^^
  File "<frozen importlib._bootstrap>", line 1204, in _gcd_import
  File "<frozen importlib._bootstrap>", line 1176, in _find_and_load
  File "<frozen importlib._bootstrap>", line 1147, in _find_and_load_unlocked
  File "<frozen importlib._bootstrap>", line 690, in _load_unlocked
  File "<frozen importlib._bootstrap_external>", line 940, in exec_module
  File "<frozen importlib._bootstrap>", line 241, in _call_with_frames_removed
  File "/Users/hari/Desktop/Desktop Files/Minor-1-Backend/Minor-Assistant-API/app/main.py", line 7, in <module>
    from app.config import settings
  File "/Users/hari/Desktop/Desktop Files/Minor-1-Backend/Minor-Assistant-API/app/config.py", line 25, in <module>
    settings = Settings()
               ^^^^^^^^^^
  File "/Users/hari/Desktop/Desktop Files/Minor-1-Backend/Minor-Assistant-API/.venv/lib/python3.11/site-packages/pydantic_settings/main.py", line 71, in __init__
    super().__init__(
  File "/Users/hari/Desktop/Desktop Files/Minor-1-Backend/Minor-Assistant-API/.venv/lib/python3.11/site-packages/pydantic/main.py", line 164, in __init__
    __pydantic_self__.__pydantic_validator__.validate_python(data, self_instance=__pydantic_self__)
pydantic_core._pydantic_core.ValidationError: 11 validation errors for Settings
COGNITO_USER_POOL_ID
  Field required [type=missing, input_value={'DATABASE_URL': 'mongodb...,http://localhost:5173'}, input_type=dict]
    For further information visit https://errors.pydantic.dev/2.5/v/missing
COGNITO_REGION
  Field required [type=missing, input_value={'DATABASE_URL': 'mongodb...,http://localhost:5173'}, input_type=dict]
    For further information visit https://errors.pydantic.dev/2.5/v/missing
COGNITO_CLIENT_ID
  Field required [type=missing, input_value={'DATABASE_URL': 'mongodb...,http://localhost:5173'}, input_type=dict]
    For further information visit https://errors.pydantic.dev/2.5/v/missing
COGNITO_CLIENT_SECRET
  Field required [type=missing, input_value={'DATABASE_URL': 'mongodb...,http://localhost:5173'}, input_type=dict]
    For further information visit https://errors.pydantic.dev/2.5/v/missing
jwt_secret_key
  Extra inputs are not permitted [type=extra_forbidden, input_value='your-super-secret-jwt-ke...ction-min-32-characters', input_type=str]
    For further information visit https://errors.pydantic.dev/2.5/v/extra_forbidden
jwt_algorithm
  Extra inputs are not permitted [type=extra_forbidden, input_value='HS256', input_type=str]
    For further information visit https://errors.pydantic.dev/2.5/v/extra_forbidden
gmail_credentials_file
  Extra inputs are not permitted [type=extra_forbidden, input_value='credentials.json', input_type=str]
    For further information visit https://errors.pydantic.dev/2.5/v/extra_forbidden
gmail_token_file
  Extra inputs are not permitted [type=extra_forbidden, input_value='token.pickle', input_type=str]
    For further information visit https://errors.pydantic.dev/2.5/v/extra_forbidden
app_name
  Extra inputs are not permitted [type=extra_forbidden, input_value='Minor Assistant API', input_type=str]
    For further information visit https://errors.pydantic.dev/2.5/v/extra_forbidden
environment
  Extra inputs are not permitted [type=extra_forbidden, input_value='development', input_type=str]
    For further information visit https://errors.pydantic.dev/2.5/v/extra_forbidden
allowed_origins
  Extra inputs are not permitted [type=extra_forbidden, input_value='http://localhost:3000,http://localhost:5173', input_type=str]
    For further information visit https://errors.pydantic.dev/2.5/v/extra_forbidden
